// Jest Snapshot v1, https://goo.gl/fbAQLP

exports[`<Heading /> 1. should render the reading 1`] = `
.c0 {
  font-size: 2.0rem;
  color: #030517;
}

@media (min-width:768px) {
  .c0 {
    font-size: 2.8rem;
  }
}

<h2
  class="c0"
  color="black"
>
  Heading
</h2>
`;
